// Vitest Snapshot v1, https://vitest.dev/guide/snapshot.html

exports[`Header > matches snapshot 1`] = `
<div>
  <div
    class="css-e98jwe"
  >
    <div
      class="css-irlolz"
    >
      <h2
        class="chakra-heading css-1dklj6k"
      >
        <a
          aria-current="page"
          class="active"
          href="/"
        >
          Markdown Editor
        </a>
      </h2>
      <div
        class="chakra-stack css-1t1mlqc"
      >
        <p
          class="chakra-text css-0"
        >
          test@example.com
        </p>
        <div
          class="css-1vakbk4"
        >
          <button
            aria-label="toggle theme"
            class="chakra-button css-1i07iq0"
            type="button"
          >
            <svg
              class="chakra-icon css-in1cf3"
              focusable="false"
              viewBox="0 0 24 24"
            >
              <path
                d="M21.4,13.7C20.6,13.9,19.8,14,19,14c-5,0-9-4-9-9c0-0.8,0.1-1.6,0.3-2.4c0.1-0.3,0-0.7-0.3-1 c-0.3-0.3-0.6-0.4-1-0.3C4.3,2.7,1,7.1,1,12c0,6.1,4.9,11,11,11c4.9,0,9.3-3.3,10.6-8.1c0.1-0.3,0-0.7-0.3-1 C22.1,13.7,21.7,13.6,21.4,13.7z"
                fill="currentColor"
              />
            </svg>
          </button>
          <button
            class="chakra-button css-1jo2po0"
            data-testid="logout-button"
            type="button"
          >
            <svg
              aria-hidden="true"
              class="svg-inline--fa fa-arrow-right-from-bracket "
              data-icon="arrow-right-from-bracket"
              data-prefix="fas"
              focusable="false"
              role="img"
              viewBox="0 0 512 512"
              xmlns="http://www.w3.org/2000/svg"
            >
              <path
                d="M502.6 278.6c12.5-12.5 12.5-32.8 0-45.3l-128-128c-12.5-12.5-32.8-12.5-45.3 0s-12.5 32.8 0 45.3L402.7 224 192 224c-17.7 0-32 14.3-32 32s14.3 32 32 32l210.7 0-73.4 73.4c-12.5 12.5-12.5 32.8 0 45.3s32.8 12.5 45.3 0l128-128zM160 96c17.7 0 32-14.3 32-32s-14.3-32-32-32L96 32C43 32 0 75 0 128L0 384c0 53 43 96 96 96l64 0c17.7 0 32-14.3 32-32s-14.3-32-32-32l-64 0c-17.7 0-32-14.3-32-32l0-256c0-17.7 14.3-32 32-32l64 0z"
                fill="currentColor"
              />
            </svg>
          </button>
        </div>
      </div>
    </div>
  </div>
  <span
    hidden=""
    id="__chakra_env"
  />
</div>
`;
